inner-if
outer-if
inner-elif
outer-branch
inner-else
outer-else
if-assigned
if-closure
inner-try
outer-try
try-assigned
try-closure
before-caught-error
zero_division
outer-catch
before-error
catch-closure:zero_division
error-closure
["kept"]
outer-error
outer-error
break-closure
continue-closure
if-return
try-return
catch-return
